// Jest Snapshot v1, https://goo.gl/fbAQLP

exports[`MyButton 测试 快照测试 1`] = `<button class="my-btn size--medium"> </button>`;
